

<!DOCTYPE html>
<html class="writer-html5" lang="pt-br" >
<head>
  <meta charset="utf-8" />
  
  <meta name="viewport" content="width=device-width, initial-scale=1.0" />
  
  <title>Testes que não devem lançar exceção &mdash; validador-transacoes  documentation</title>
  

  
  <link rel="stylesheet" href="../_static/css/theme.css" type="text/css" />
  <link rel="stylesheet" href="../_static/pygments.css" type="text/css" />

  
  

  
  

  

  
  <!--[if lt IE 9]>
    <script src="../_static/js/html5shiv.min.js"></script>
  <![endif]-->
  
    
      <script type="text/javascript" id="documentation_options" data-url_root="../" src="../_static/documentation_options.js"></script>
        <script src="../_static/jquery.js"></script>
        <script src="../_static/underscore.js"></script>
        <script src="../_static/doctools.js"></script>
    
    <script type="text/javascript" src="../_static/js/theme.js"></script>

    
    <link rel="index" title="Index" href="../genindex.html" />
    <link rel="search" title="Search" href="../search.html" />
    <link rel="prev" title="Testes que devem lançar exceção" href="test_transactions_validator_exception_expected.html" /> 
</head>

<body class="wy-body-for-nav">

   
  <div class="wy-grid-for-nav">
    
    <nav data-toggle="wy-nav-shift" class="wy-nav-side">
      <div class="wy-side-scroll">
        <div class="wy-side-nav-search" >
          

          
            <a href="../index.html" class="icon icon-home"> validador-transacoes
          

          
          </a>

          
            
            
          

          
<div role="search">
  <form id="rtd-search-form" class="wy-form" action="../search.html" method="get">
    <input type="text" name="q" placeholder="Search docs" />
    <input type="hidden" name="check_keywords" value="yes" />
    <input type="hidden" name="area" value="default" />
  </form>
</div>

          
        </div>

        
        <div class="wy-menu wy-menu-vertical" data-spy="affix" role="navigation" aria-label="main navigation">
          
            
            
              
            
            
              <p class="caption"><span class="caption-text">Módulo de validação</span></p>
<ul>
<li class="toctree-l1"><a class="reference internal" href="../transactions_validator/validator.html">Classe de validação</a></li>
<li class="toctree-l1"><a class="reference internal" href="../transactions_validator/exceptions.html">Erros e exceções</a></li>
</ul>
<p class="caption"><span class="caption-text">Testes unitários</span></p>
<ul class="current">
<li class="toctree-l1"><a class="reference internal" href="test_transactions_validator_exception_expected.html">Testes que devem lançar <em>exceção</em></a></li>
<li class="toctree-l1 current"><a class="current reference internal" href="#">Testes que <em>não</em> devem lançar <em>exceção</em></a></li>
</ul>

            
          
        </div>
        
      </div>
    </nav>

    <section data-toggle="wy-nav-shift" class="wy-nav-content-wrap">

      
      <nav class="wy-nav-top" aria-label="top navigation">
        
          <i data-toggle="wy-nav-top" class="fa fa-bars"></i>
          <a href="../index.html">validador-transacoes</a>
        
      </nav>


      <div class="wy-nav-content">
        
        <div class="rst-content">
        
          

















<div role="navigation" aria-label="breadcrumbs navigation">

  <ul class="wy-breadcrumbs">
    
      <li><a href="../index.html" class="icon icon-home"></a> &raquo;</li>
        
      <li>Testes que <em>não</em> devem lançar <em>exceção</em></li>
    
    
      <li class="wy-breadcrumbs-aside">
        
          
            <a href="../_sources/tests/test_transactions_validator_exception_not_expected.rst.txt" rel="nofollow"> View page source</a>
          
        
      </li>
    
  </ul>

  
  <hr/>
</div>
          <div role="main" class="document" itemscope="itemscope" itemtype="http://schema.org/Article">
           <div itemprop="articleBody">
            
  <div class="section" id="testes-que-nao-devem-lancar-excecao">
<h1>Testes que <em>não</em> devem lançar <em>exceção</em><a class="headerlink" href="#testes-que-nao-devem-lancar-excecao" title="Permalink to this headline">¶</a></h1>
<p>Estes módulos consumem os arquivos de dados fornecidos
em <cite>tests/data</cite>.</p>
<span class="target" id="module-tests.test_transactions_validator_exception_not_expected"></span><p>Arquivo de testes do módulo <cite>transactions_validator</cite> que contém os
testes de casos onde não é esperado o lançamento de exceções.</p>
<dl class="py function">
<dt id="tests.test_transactions_validator_exception_not_expected.test_compromised_income">
<code class="sig-prename descclassname">tests.test_transactions_validator_exception_not_expected.</code><code class="sig-name descname">test_compromised_income</code><span class="sig-paren">(</span><em class="sig-param"><span class="n">transaction</span></em>, <em class="sig-param"><span class="n">expected_return</span></em><span class="sig-paren">)</span><a class="headerlink" href="#tests.test_transactions_validator_exception_not_expected.test_compromised_income" title="Permalink to this definition">¶</a></dt>
<dd><p>Método que testa os casos em que é esperada que a exceção
<cite>CompromisedIncomeException</cite> não seja lançada.</p>
</dd></dl>

<dl class="py function">
<dt id="tests.test_transactions_validator_exception_not_expected.test_double_transactions">
<code class="sig-prename descclassname">tests.test_transactions_validator_exception_not_expected.</code><code class="sig-name descname">test_double_transactions</code><span class="sig-paren">(</span><em class="sig-param"><span class="n">transaction</span></em>, <em class="sig-param"><span class="n">expected_return</span></em>, <em class="sig-param"><span class="n">starter_history</span></em><span class="sig-paren">)</span><a class="headerlink" href="#tests.test_transactions_validator_exception_not_expected.test_double_transactions" title="Permalink to this definition">¶</a></dt>
<dd><p>Método que testa os casos em que é esperada que a exceção
<cite>DoubleTransactionsException</cite> seja lançada.</p>
</dd></dl>

<dl class="py function">
<dt id="tests.test_transactions_validator_exception_not_expected.test_low_score">
<code class="sig-prename descclassname">tests.test_transactions_validator_exception_not_expected.</code><code class="sig-name descname">test_low_score</code><span class="sig-paren">(</span><em class="sig-param"><span class="n">transaction</span></em>, <em class="sig-param"><span class="n">expected_return</span></em><span class="sig-paren">)</span><a class="headerlink" href="#tests.test_transactions_validator_exception_not_expected.test_low_score" title="Permalink to this definition">¶</a></dt>
<dd><p>Método que testa os casos em que é esperada que a exceção
<cite>LowScoreException</cite> não seja lançada.</p>
</dd></dl>

<dl class="py function">
<dt id="tests.test_transactions_validator_exception_not_expected.test_minimum_installments">
<code class="sig-prename descclassname">tests.test_transactions_validator_exception_not_expected.</code><code class="sig-name descname">test_minimum_installments</code><span class="sig-paren">(</span><em class="sig-param"><span class="n">transaction</span></em>, <em class="sig-param"><span class="n">expected_return</span></em><span class="sig-paren">)</span><a class="headerlink" href="#tests.test_transactions_validator_exception_not_expected.test_minimum_installments" title="Permalink to this definition">¶</a></dt>
<dd><p>Método que testa os casos em que é esperada que a exceção
<cite>MinimumInstallmentsException</cite> seja lançada.</p>
</dd></dl>

</div>


           </div>
           
          </div>
          <footer>
    <div class="rst-footer-buttons" role="navigation" aria-label="footer navigation">
        <a href="test_transactions_validator_exception_expected.html" class="btn btn-neutral float-left" title="Testes que devem lançar exceção" accesskey="p" rel="prev"><span class="fa fa-arrow-circle-left" aria-hidden="true"></span> Previous</a>
    </div>

  <hr/>

  <div role="contentinfo">
    <p>
        &#169; Copyright 2021, João Paulo Carvalho.

    </p>
  </div>
    
    
    
    Built with <a href="https://www.sphinx-doc.org/">Sphinx</a> using a
    
    <a href="https://github.com/readthedocs/sphinx_rtd_theme">theme</a>
    
    provided by <a href="https://readthedocs.org">Read the Docs</a>. 

</footer>
        </div>
      </div>

    </section>

  </div>
  

  <script type="text/javascript">
      jQuery(function () {
          SphinxRtdTheme.Navigation.enable(true);
      });
  </script>

  
  
    
   

</body>
</html>